C:\Users\Daares1\Dropbox\P_DIGITALES\NB3000\NB3000_Project\TFT_MULT\ProjectOutputs\NB3000XN_05\tft_multifuncional.edf 1398206055
C:\Users\Daares1\Dropbox\P_DIGITALES\NB3000\NB3000_Project\TFT_MULT\ProjectOutputs\NB3000XN_05\WB_SPI32.edn 1357413332
C:\Users\Daares1\Dropbox\P_DIGITALES\NB3000\NB3000_Project\TFT_MULT\ProjectOutputs\NB3000XN_05\TSK3000A_Shift_Barrel.edn 1190251092
C:\Users\Daares1\Dropbox\P_DIGITALES\NB3000\NB3000_Project\TFT_MULT\ProjectOutputs\NB3000XN_05\VGA32_16BPP.edn 1271415896
C:\Users\Daares1\Dropbox\P_DIGITALES\NB3000\NB3000_Project\TFT_MULT\ProjectOutputs\NB3000XN_05\TSK3000A_OCDS.edn 1190251072
C:\Users\Daares1\Dropbox\P_DIGITALES\NB3000\NB3000_Project\TFT_MULT\ProjectOutputs\NB3000XN_05\TSK3000A_MDU.edn 1190250834
C:\Users\Daares1\Dropbox\P_DIGITALES\NB3000\NB3000_Project\TFT_MULT\ProjectOutputs\NB3000XN_05\Memory_TSK3000A_1.edn 1398206028
C:\Users\Daares1\Dropbox\P_DIGITALES\NB3000\NB3000_Project\TFT_MULT\ProjectOutputs\NB3000XN_05\TERMINAL.edn 1278542682
C:\Users\Daares1\Dropbox\P_DIGITALES\NB3000\NB3000_Project\TFT_MULT\ProjectOutputs\NB3000XN_05\WB_ILI9320.edn 1271779666
C:\Users\Daares1\Dropbox\P_DIGITALES\NB3000\NB3000_Project\TFT_MULT\ProjectOutputs\NB3000XN_05\WB_TSPENDOWN.edn 1225909950
C:\Users\Daares1\Dropbox\P_DIGITALES\NB3000\NB3000_Project\TFT_MULT\ProjectOutputs\NB3000XN_05\TSK3000A_MCU.edn 1266523074
OK
